Info: Starting: Create block symbol file (.bsf)
Info: qsys-generate C:\Users\EWann\Documents\trine\sp21\ece363\quartus\AntMan_DE1\cordicTesting\megaCordic.qsys --block-symbol-file --output-directory=C:\Users\EWann\Documents\trine\sp21\ece363\quartus\AntMan_DE1\cordicTesting\megaCordic --family="Cyclone V" --part=5CSEMA5F31C6
Progress: Loading cordicTesting/megaCordic.qsys
Progress: Reading input file
Progress: Adding CORDIC_0 [altera_CORDIC 19.1]
Progress: Parameterizing module CORDIC_0
Progress: Building connections
Progress: Parameterizing connections
Progress: Validating
Progress: Done reading input file
Info: qsys-generate succeeded.
Info: Finished: Create block symbol file (.bsf)
Info: 
Info: Starting: Create HDL design files for synthesis
Info: qsys-generate C:\Users\EWann\Documents\trine\sp21\ece363\quartus\AntMan_DE1\cordicTesting\megaCordic.qsys --synthesis=VERILOG --output-directory=C:\Users\EWann\Documents\trine\sp21\ece363\quartus\AntMan_DE1\cordicTesting\megaCordic\synthesis --family="Cyclone V" --part=5CSEMA5F31C6
Progress: Loading cordicTesting/megaCordic.qsys
Progress: Reading input file
Progress: Adding CORDIC_0 [altera_CORDIC 19.1]
Progress: Parameterizing module CORDIC_0
Progress: Building connections
Progress: Parameterizing connections
Progress: Validating
Progress: Done reading input file
Info: megaCordic: Generating megaCordic "megaCordic" for QUARTUS_SYNTH
Info: CORDIC_0: C:/intelfpga_lite/19.1/quartus/dspba/backend/windows64/cmdPolyEval -target CycloneV -frequency 200 -name megaCordic_CORDIC_0 -noChanValid -faithfulRounding -printMachineReadable -lang VHDL -speedgrade 6 FXPVecRotate 16 14 1 8 1
Info: CORDIC_0: Latency on Cyclone V is 19 cycles
Info: CORDIC_0: DSP Blocks Used: 0
Info: CORDIC_0: LUTs Used: 2109
Info: CORDIC_0: Memory Bits Used: 0
Info: CORDIC_0: Memory Blocks Used: 0
Info: CORDIC_0: "megaCordic" instantiated altera_CORDIC "CORDIC_0"
Info: megaCordic: Done "megaCordic" with 2 modules, 4 files
Info: qsys-generate succeeded.
Info: Finished: Create HDL design files for synthesis
